Initial Win CP for (console input, console output, system): (CP437, CP437, CP1252)
I changed them all to CP1252
Rc files read:
  NONE
Latexmk: This is Latexmk, John Collins, 15 June 2025. Version 4.87.
No existing .aux file, so I'll make a simple one, and require run of *latex.
Latexmk: applying rule 'pdflatex'...
Rule 'pdflatex':  Reasons for rerun
Category 'other':
  Rerun of 'pdflatex' forced or previously required:
    Reason or flag: 'Initial setup'

------------
Run number 1 of rule 'pdflatex'
------------
------------
Running 'pdflatex  -interaction=nonstopmode -halt-on-error -recorder -output-directory="build"  "main.tex"'
------------
This is pdfTeX, Version 3.141592653-2.6-1.40.28 (TeX Live 2025) (preloaded format=pdflatex)
 restricted \write18 enabled.
entering extended mode
(./main.tex
LaTeX2e <2025-06-01> patch level 1
L3 programming layer <2025-08-13>
(c:/Users/rohan/AppData/Roaming/TinyTeX/texmf-dist/tex/latex/base/article.cls
Document Class: article 2025/01/22 v1.4n Standard LaTeX document class
(c:/Users/rohan/AppData/Roaming/TinyTeX/texmf-dist/tex/latex/base/size10.clo)) (c:/Users/rohan/AppData/Roaming/TinyTeX/texmf-dist/tex/latex/geometry/geometry.sty (c:/Users/rohan/AppData/Roaming/TinyTeX/texmf-dist/tex/latex/graphics/keyval.sty) (c:/Users/rohan/AppData/Roaming/TinyTeX/texmf-dist/tex/generic/iftex/ifvtex.sty (c:/Users/rohan/AppData/Roaming/TinyTeX/texmf-dist/tex/generic/iftex/iftex.sty))) (c:/Users/rohan/AppData/Roaming/TinyTeX/texmf-dist/tex/latex/base/inputenc.sty) (c:/Users/rohan/AppData/Roaming/TinyTeX/texmf-dist/tex/latex/microtype/microtype.sty (c:/Users/rohan/AppData/Roaming/TinyTeX/texmf-dist/tex/latex/etoolbox/etoolbox.sty) (c:/Users/rohan/AppData/Roaming/TinyTeX/texmf-dist/tex/latex/microtype/microtype-pdftex.def) (c:/Users/rohan/AppData/Roaming/TinyTeX/texmf-dist/tex/latex/microtype/microtype.cfg)) (c:/Users/rohan/AppData/Roaming/TinyTeX/texmf-dist/tex/latex/booktabs/booktabs.sty) (c:/Users/rohan/AppData/Roaming/TinyTeX/texmf-dist/tex/latex/graphics/graphicx.sty (c:/Users/rohan/AppData/Roaming/TinyTeX/texmf-dist/tex/latex/graphics/graphics.sty (c:/Users/rohan/AppData/Roaming/TinyTeX/texmf-dist/tex/latex/graphics/trig.sty) (c:/Users/rohan/AppData/Roaming/TinyTeX/texmf-dist/tex/latex/graphics-cfg/graphics.cfg) (c:/Users/rohan/AppData/Roaming/TinyTeX/texmf-dist/tex/latex/graphics-def/pdftex.def))) (c:/Users/rohan/AppData/Roaming/TinyTeX/texmf-dist/tex/latex/amsmath/amsmath.sty
For additional information on amsmath, use the `?' option.
(c:/Users/rohan/AppData/Roaming/TinyTeX/texmf-dist/tex/latex/amsmath/amstext.sty (c:/Users/rohan/AppData/Roaming/TinyTeX/texmf-dist/tex/latex/amsmath/amsgen.sty)) (c:/Users/rohan/AppData/Roaming/TinyTeX/texmf-dist/tex/latex/amsmath/amsbsy.sty) (c:/Users/rohan/AppData/Roaming/TinyTeX/texmf-dist/tex/latex/amsmath/amsopn.sty)) (c:/Users/rohan/AppData/Roaming/TinyTeX/texmf-dist/tex/latex/url/url.sty) (c:/Users/rohan/AppData/Roaming/TinyTeX/texmf-dist/tex/latex/hyperref/hyperref.sty (c:/Users/rohan/AppData/Roaming/TinyTeX/texmf-dist/tex/latex/kvsetkeys/kvsetkeys.sty) (c:/Users/rohan/AppData/Roaming/TinyTeX/texmf-dist/tex/generic/kvdefinekeys/kvdefinekeys.sty) (c:/Users/rohan/AppData/Roaming/TinyTeX/texmf-dist/tex/generic/pdfescape/pdfescape.sty (c:/Users/rohan/AppData/Roaming/TinyTeX/texmf-dist/tex/generic/ltxcmds/ltxcmds.sty) (c:/Users/rohan/AppData/Roaming/TinyTeX/texmf-dist/tex/generic/pdftexcmds/pdftexcmds.sty (c:/Users/rohan/AppData/Roaming/TinyTeX/texmf-dist/tex/generic/infwarerr/infwarerr.sty))) (c:/Users/rohan/AppData/Roaming/TinyTeX/texmf-dist/tex/latex/hycolor/hycolor.sty) (c:/Users/rohan/AppData/Roaming/TinyTeX/texmf-dist/tex/latex/hyperref/nameref.sty (c:/Users/rohan/AppData/Roaming/TinyTeX/texmf-dist/tex/latex/refcount/refcount.sty) (c:/Users/rohan/AppData/Roaming/TinyTeX/texmf-dist/tex/generic/gettitlestring/gettitlestring.sty (c:/Users/rohan/AppData/Roaming/TinyTeX/texmf-dist/tex/latex/kvoptions/kvoptions.sty))) (c:/Users/rohan/AppData/Roaming/TinyTeX/texmf-dist/tex/generic/stringenc/stringenc.sty) (c:/Users/rohan/AppData/Roaming/TinyTeX/texmf-dist/tex/latex/hyperref/pd1enc.def) (c:/Users/rohan/AppData/Roaming/TinyTeX/texmf-dist/tex/generic/intcalc/intcalc.sty) (c:/Users/rohan/AppData/Roaming/TinyTeX/texmf-dist/tex/latex/hyperref/puenc.def) (c:/Users/rohan/AppData/Roaming/TinyTeX/texmf-dist/tex/generic/bitset/bitset.sty (c:/Users/rohan/AppData/Roaming/TinyTeX/texmf-dist/tex/generic/bigintcalc/bigintcalc.sty))) (c:/Users/rohan/AppData/Roaming/TinyTeX/texmf-dist/tex/latex/hyperref/hpdftex.def (c:/Users/rohan/AppData/Roaming/TinyTeX/texmf-dist/tex/latex/rerunfilecheck/rerunfilecheck.sty (c:/Users/rohan/AppData/Roaming/TinyTeX/texmf-dist/tex/generic/uniquecounter/uniquecounter.sty))) (c:/Users/rohan/AppData/Roaming/TinyTeX/texmf-dist/tex/latex/natbib/natbib.sty) (c:/Users/rohan/AppData/Roaming/TinyTeX/texmf-dist/tex/latex/enumitem/enumitem.sty) (c:/Users/rohan/AppData/Roaming/TinyTeX/texmf-dist/tex/latex/l3backend/l3backend-pdftex.def) (build/main.aux)
*geometry* driver: auto-detecting
*geometry* detected driver: pdftex
(c:/Users/rohan/AppData/Roaming/TinyTeX/texmf-dist/tex/latex/microtype/mt-cmr.cfg) (c:/Users/rohan/AppData/Roaming/TinyTeX/texmf-dist/tex/latex/epstopdf-pkg/epstopdf-base.sty (c:/Users/rohan/AppData/Roaming/TinyTeX/texmf-dist/tex/latex/latexconfig/epstopdf-sys.cfg))

[1{c:/Users/rohan/AppData/Roaming/TinyTeX/texmf-var/fonts/map/pdftex/updmap/pdftex.map}]

Package natbib Warning: Citation `supratak2017deepsleepnet' on page 2 undefined on input line 38.


Package natbib Warning: Citation `phan2019seqsleepnet' on page 2 undefined on input line 38.


Package natbib Warning: Citation `supratak2020tinysleepnet' on page 2 undefined on input line 38.


Package natbib Warning: Citation `perslev2021usleep' on page 2 undefined on input line 38.


Package natbib Warning: Citation `phan2022sleeptransformer' on page 2 undefined on input line 38.


Package natbib Warning: Citation `vainikka2026directuq' on page 2 undefined on input line 38.


Package natbib Warning: Citation `zhao2021unsupervisedsleepdomain' on page 2 undefined on input line 43.


Package natbib Warning: Citation `zhou2025sourcefree' on page 2 undefined on input line 43.


Package natbib Warning: Citation `zhu2023multisource' on page 2 undefined on input line 43.


Package natbib Warning: Citation `zhou2022dgsurvey' on page 2 undefined on input line 43.


Package natbib Warning: Citation `yang2023sleepclip' on page 2 undefined on input line 48.



Package natbib Warning: Citation `geifman2019selectivenet' on page 2 undefined on input line 53.


Package natbib Warning: Citation `guo2017calibration' on page 2 undefined on input line 53.


Package natbib Warning: Citation `thagaard2020uncertaintyshift' on page 2 undefined on input line 53.


Package natbib Warning: Citation `prinster2022jaws' on page 2 undefined on input line 53.


Package natbib Warning: Citation `angelopoulos2023conformal' on page 2 undefined on input line 58.


Package natbib Warning: Citation `dey2023conformalordinal' on page 2 undefined on input line 58.


Underfull \vbox (badness 6236) has occurred while \output is active
[2]

Package natbib Warning: Citation `imtiaz2015sleepedf' on page 3 undefined on input line 67.


Package natbib Warning: Citation `khalighi2016isruc' on page 3 undefined on input line 69.



LaTeX Warning: Reference `tab:design' on page 3 undefined on input line 76.


Overfull \hbox (99.35526pt too wide) in paragraph at lines 82--90
 [][]

Underfull \hbox (badness 1087) in paragraph at lines 98--98
[]\OT1/cmr/bx/n/12 (+20) B1 Source-Only Modality-Dropout

[3]
Underfull \hbox (badness 1521) in paragraph at lines 115--115
[]\OT1/cmr/bx/n/12 (+20) B0 Es-tab-lishes a Compound-Shift

LaTeX Warning: Reference `tab:b0' on page 4 undefined on input line 116.


LaTeX Warning: Reference `fig:b0' on page 4 undefined on input line 116.


Underfull \vbox (badness 2142) has occurred while \output is active

LaTeX Warning: Reference `tab:b1' on page 4 undefined on input line 145.


LaTeX Warning: Reference `fig:b1' on page 4 undefined on input line 145.


[4]
Overfull \hbox (80.50267pt too wide) in paragraph at lines 155--165
 [][]

LaTeX Warning: Reference `fig:rel' on page 5 undefined on input line 168.


LaTeX Warning: Reference `fig:decouple' on page 5 undefined on input line 168.


LaTeX Warning: Reference `fig:selective' on page 5 undefined on input line 173.



LaTeX Warning: Reference `fig:conformal' on page 5 undefined on input line 176.


LaTeX Warning: Reference `fig:stage' on page 5 undefined on input line 179.


Overfull \hbox (71.7341pt too wide) in paragraph at lines 185--195
 [][]

LaTeX Warning: Reference `tab:residual' on page 5 undefined on input line 198.


[5]

Underfull \hbox (badness 10000) in paragraph at lines 227--228
\OT1/cmr/m/n/10 (+20) The fi-nal method gate is

Underfull \hbox (badness 10000) in paragraph at lines 227--228
\OT1/cmtt/m/n/10 RELIABILITY[]METHOD[]NOT[]AUTHORIZED\OT1/cmr/m/n/10 (+20) . This was a

Underfull \hbox (badness 2326) in paragraph at lines 227--228
\OT1/cmr/m/n/10 (+20) these con-di-tions would risk turn-ing an un-re-solved

[6]
No file main.bbl.


Package natbib Warning: There were undefined citations.


[7] [8 <./figures/fig1_shift_design_v2.pdf> <./figures/fig2_b0_shift_landscape_v2.pdf> <./figures/fig3_b1_compound_macro_f1.pdf> <./figures/fig4_compound_reliability_axes.pdf>] [9 <./figures/fig6_selective_risk_coverage.pdf>] (build/main.aux)

LaTeX Warning: There were undefined references.


LaTeX Warning: Label(s) may have changed. Rerun to get cross-references right.


Package rerunfilecheck Warning: File `main.out' has changed.
(rerunfilecheck)                Rerun to get outlines right
(rerunfilecheck)                or use package `bookmark'.

 )
(see the transcript file for additional information)<c:/Users/rohan/AppData/Roaming/TinyTeX/texmf-dist/fonts/type1/public/amsfonts/cm/cmbx10.pfb><c:/Users/rohan/AppData/Roaming/TinyTeX/texmf-dist/fonts/type1/public/amsfonts/cm/cmbx12.pfb><c:/Users/rohan/AppData/Roaming/TinyTeX/texmf-dist/fonts/type1/public/amsfonts/cm/cmmi10.pfb><c:/Users/rohan/AppData/Roaming/TinyTeX/texmf-dist/fonts/type1/public/amsfonts/cm/cmr10.pfb><c:/Users/rohan/AppData/Roaming/TinyTeX/texmf-dist/fonts/type1/public/amsfonts/cm/cmr12.pfb><c:/Users/rohan/AppData/Roaming/TinyTeX/texmf-dist/fonts/type1/public/amsfonts/cm/cmr17.pfb><c:/Users/rohan/AppData/Roaming/TinyTeX/texmf-dist/fonts/type1/public/amsfonts/cm/cmr5.pfb><c:/Users/rohan/AppData/Roaming/TinyTeX/texmf-dist/fonts/type1/public/amsfonts/cm/cmr7.pfb><c:/Users/rohan/AppData/Roaming/TinyTeX/texmf-dist/fonts/type1/public/amsfonts/cm/cmr9.pfb><c:/Users/rohan/AppData/Roaming/TinyTeX/texmf-dist/fonts/type1/public/amsfonts/cm/cmsy10.pfb><c:/Users/rohan/AppData/Roaming/TinyTeX/texmf-dist/fonts/type1/public/amsfonts/cm/cmsy7.pfb><c:/Users/rohan/AppData/Roaming/TinyTeX/texmf-dist/fonts/type1/public/amsfonts/cm/cmtt10.pfb>
Output written on build/main.pdf (9 pages, 288984 bytes).
Transcript written on build/main.log.
Latexmk: Getting log file 'build/main.log'
Latexmk: Examining 'build/main.fls'
Latexmk: Examining 'build/main.log'
Latexmk: Missing bbl file 'build/main.bbl' in following:
 No file main.bbl.
Latexmk: References changed.
Latexmk: References changed.
Latexmk: Log file says output to 'build/main.pdf'
Latexmk: Using bibtex to make bibliography file(s).
  ===Source file 'build/main.bbl' for 'pdflatex'
Create bibtex build/main
Latexmk: Found bibliography file(s):
  ./references.bib
Latexmk: applying rule 'bibtex build/main'...
Rule 'bibtex build/main':  Reasons for rerun
Category 'other':
  Rerun of 'bibtex build/main' forced or previously required:
    Reason or flag: 'Initial set up of rule'

------------
Run number 1 of rule 'bibtex build/main'
------------
====== ENV{BIBINPUTS} changed to 'C:/Users/rohan/ShiftSleep-UQ/paper/submissions/ieee_jbhi;build;C:\Users\rohan\ShiftSleep-UQ\paper\submissions\ieee_jbhi\build;'
Latexmk: Change directory to 'build/'.
To assist finding of files in document directory, I set
  BIBINPUTS='C:/Users/rohan/ShiftSleep-UQ/paper/submissions/ieee_jbhi;build;C:\Users\rohan\ShiftSleep-UQ\paper\submissions\ieee_jbhi\build;'
  BSTINPUTS='C:/Users/rohan/ShiftSleep-UQ/paper/submissions/ieee_jbhi;'.
------------
Running 'bibtex  "main.aux"'
------------
This is BibTeX, Version 0.99d (TeX Live 2025)
The top-level auxiliary file: main.aux
The style file: plainnat.bst
Database file #1: references.bib
Latexmk: Change directory back to 'C:/Users/rohan/ShiftSleep-UQ/paper/submissions/ieee_jbhi'
Latexmk: applying rule 'pdflatex'...
Rule 'pdflatex':  Reasons for rerun
Changed files or newly in use/created:
  build/main.aux
  build/main.bbl
  build/main.out

------------
Run number 2 of rule 'pdflatex'
------------
------------
Running 'pdflatex  -interaction=nonstopmode -halt-on-error -recorder -output-directory="build"  "main.tex"'
------------
This is pdfTeX, Version 3.141592653-2.6-1.40.28 (TeX Live 2025) (preloaded format=pdflatex)
 restricted \write18 enabled.
entering extended mode
(./main.tex
LaTeX2e <2025-06-01> patch level 1
L3 programming layer <2025-08-13>
(c:/Users/rohan/AppData/Roaming/TinyTeX/texmf-dist/tex/latex/base/article.cls
Document Class: article 2025/01/22 v1.4n Standard LaTeX document class
(c:/Users/rohan/AppData/Roaming/TinyTeX/texmf-dist/tex/latex/base/size10.clo)) (c:/Users/rohan/AppData/Roaming/TinyTeX/texmf-dist/tex/latex/geometry/geometry.sty (c:/Users/rohan/AppData/Roaming/TinyTeX/texmf-dist/tex/latex/graphics/keyval.sty) (c:/Users/rohan/AppData/Roaming/TinyTeX/texmf-dist/tex/generic/iftex/ifvtex.sty (c:/Users/rohan/AppData/Roaming/TinyTeX/texmf-dist/tex/generic/iftex/iftex.sty))) (c:/Users/rohan/AppData/Roaming/TinyTeX/texmf-dist/tex/latex/base/inputenc.sty) (c:/Users/rohan/AppData/Roaming/TinyTeX/texmf-dist/tex/latex/microtype/microtype.sty (c:/Users/rohan/AppData/Roaming/TinyTeX/texmf-dist/tex/latex/etoolbox/etoolbox.sty) (c:/Users/rohan/AppData/Roaming/TinyTeX/texmf-dist/tex/latex/microtype/microtype-pdftex.def) (c:/Users/rohan/AppData/Roaming/TinyTeX/texmf-dist/tex/latex/microtype/microtype.cfg)) (c:/Users/rohan/AppData/Roaming/TinyTeX/texmf-dist/tex/latex/booktabs/booktabs.sty) (c:/Users/rohan/AppData/Roaming/TinyTeX/texmf-dist/tex/latex/graphics/graphicx.sty (c:/Users/rohan/AppData/Roaming/TinyTeX/texmf-dist/tex/latex/graphics/graphics.sty (c:/Users/rohan/AppData/Roaming/TinyTeX/texmf-dist/tex/latex/graphics/trig.sty) (c:/Users/rohan/AppData/Roaming/TinyTeX/texmf-dist/tex/latex/graphics-cfg/graphics.cfg) (c:/Users/rohan/AppData/Roaming/TinyTeX/texmf-dist/tex/latex/graphics-def/pdftex.def))) (c:/Users/rohan/AppData/Roaming/TinyTeX/texmf-dist/tex/latex/amsmath/amsmath.sty
For additional information on amsmath, use the `?' option.
(c:/Users/rohan/AppData/Roaming/TinyTeX/texmf-dist/tex/latex/amsmath/amstext.sty (c:/Users/rohan/AppData/Roaming/TinyTeX/texmf-dist/tex/latex/amsmath/amsgen.sty)) (c:/Users/rohan/AppData/Roaming/TinyTeX/texmf-dist/tex/latex/amsmath/amsbsy.sty) (c:/Users/rohan/AppData/Roaming/TinyTeX/texmf-dist/tex/latex/amsmath/amsopn.sty)) (c:/Users/rohan/AppData/Roaming/TinyTeX/texmf-dist/tex/latex/url/url.sty) (c:/Users/rohan/AppData/Roaming/TinyTeX/texmf-dist/tex/latex/hyperref/hyperref.sty (c:/Users/rohan/AppData/Roaming/TinyTeX/texmf-dist/tex/latex/kvsetkeys/kvsetkeys.sty) (c:/Users/rohan/AppData/Roaming/TinyTeX/texmf-dist/tex/generic/kvdefinekeys/kvdefinekeys.sty) (c:/Users/rohan/AppData/Roaming/TinyTeX/texmf-dist/tex/generic/pdfescape/pdfescape.sty (c:/Users/rohan/AppData/Roaming/TinyTeX/texmf-dist/tex/generic/ltxcmds/ltxcmds.sty) (c:/Users/rohan/AppData/Roaming/TinyTeX/texmf-dist/tex/generic/pdftexcmds/pdftexcmds.sty (c:/Users/rohan/AppData/Roaming/TinyTeX/texmf-dist/tex/generic/infwarerr/infwarerr.sty))) (c:/Users/rohan/AppData/Roaming/TinyTeX/texmf-dist/tex/latex/hycolor/hycolor.sty) (c:/Users/rohan/AppData/Roaming/TinyTeX/texmf-dist/tex/latex/hyperref/nameref.sty (c:/Users/rohan/AppData/Roaming/TinyTeX/texmf-dist/tex/latex/refcount/refcount.sty) (c:/Users/rohan/AppData/Roaming/TinyTeX/texmf-dist/tex/generic/gettitlestring/gettitlestring.sty (c:/Users/rohan/AppData/Roaming/TinyTeX/texmf-dist/tex/latex/kvoptions/kvoptions.sty))) (c:/Users/rohan/AppData/Roaming/TinyTeX/texmf-dist/tex/generic/stringenc/stringenc.sty) (c:/Users/rohan/AppData/Roaming/TinyTeX/texmf-dist/tex/latex/hyperref/pd1enc.def) (c:/Users/rohan/AppData/Roaming/TinyTeX/texmf-dist/tex/generic/intcalc/intcalc.sty) (c:/Users/rohan/AppData/Roaming/TinyTeX/texmf-dist/tex/latex/hyperref/puenc.def) (c:/Users/rohan/AppData/Roaming/TinyTeX/texmf-dist/tex/generic/bitset/bitset.sty (c:/Users/rohan/AppData/Roaming/TinyTeX/texmf-dist/tex/generic/bigintcalc/bigintcalc.sty))) (c:/Users/rohan/AppData/Roaming/TinyTeX/texmf-dist/tex/latex/hyperref/hpdftex.def (c:/Users/rohan/AppData/Roaming/TinyTeX/texmf-dist/tex/latex/rerunfilecheck/rerunfilecheck.sty (c:/Users/rohan/AppData/Roaming/TinyTeX/texmf-dist/tex/generic/uniquecounter/uniquecounter.sty))) (c:/Users/rohan/AppData/Roaming/TinyTeX/texmf-dist/tex/latex/natbib/natbib.sty) (c:/Users/rohan/AppData/Roaming/TinyTeX/texmf-dist/tex/latex/enumitem/enumitem.sty) (c:/Users/rohan/AppData/Roaming/TinyTeX/texmf-dist/tex/latex/l3backend/l3backend-pdftex.def) (build/main.aux)
*geometry* driver: auto-detecting
*geometry* detected driver: pdftex
(c:/Users/rohan/AppData/Roaming/TinyTeX/texmf-dist/tex/latex/microtype/mt-cmr.cfg) (c:/Users/rohan/AppData/Roaming/TinyTeX/texmf-dist/tex/latex/epstopdf-pkg/epstopdf-base.sty (c:/Users/rohan/AppData/Roaming/TinyTeX/texmf-dist/tex/latex/latexconfig/epstopdf-sys.cfg)) (build/main.out) (build/main.out)

[1{c:/Users/rohan/AppData/Roaming/TinyTeX/texmf-var/fonts/map/pdftex/updmap/pdftex.map}]

Package natbib Warning: Citation `supratak2017deepsleepnet' on page 2 undefined on input line 38.


Package natbib Warning: Citation `phan2019seqsleepnet' on page 2 undefined on input line 38.


Package natbib Warning: Citation `supratak2020tinysleepnet' on page 2 undefined on input line 38.


Package natbib Warning: Citation `perslev2021usleep' on page 2 undefined on input line 38.


Package natbib Warning: Citation `phan2022sleeptransformer' on page 2 undefined on input line 38.


Package natbib Warning: Citation `vainikka2026directuq' on page 2 undefined on input line 38.


Package natbib Warning: Citation `zhao2021unsupervisedsleepdomain' on page 2 undefined on input line 43.


Package natbib Warning: Citation `zhou2025sourcefree' on page 2 undefined on input line 43.


Package natbib Warning: Citation `zhu2023multisource' on page 2 undefined on input line 43.


Package natbib Warning: Citation `zhou2022dgsurvey' on page 2 undefined on input line 43.


Package natbib Warning: Citation `yang2023sleepclip' on page 2 undefined on input line 48.



Package natbib Warning: Citation `geifman2019selectivenet' on page 2 undefined on input line 53.


Package natbib Warning: Citation `guo2017calibration' on page 2 undefined on input line 53.


Package natbib Warning: Citation `thagaard2020uncertaintyshift' on page 2 undefined on input line 53.


Package natbib Warning: Citation `prinster2022jaws' on page 2 undefined on input line 53.


Package natbib Warning: Citation `angelopoulos2023conformal' on page 2 undefined on input line 58.


Package natbib Warning: Citation `dey2023conformalordinal' on page 2 undefined on input line 58.


Underfull \vbox (badness 6236) has occurred while \output is active
[2]

Package natbib Warning: Citation `imtiaz2015sleepedf' on page 3 undefined on input line 67.


Package natbib Warning: Citation `khalighi2016isruc' on page 3 undefined on input line 69.



Overfull \hbox (99.35526pt too wide) in paragraph at lines 82--90
 [][]

Underfull \hbox (badness 1087) in paragraph at lines 98--98
[]\OT1/cmr/bx/n/12 (+20) B1 Source-Only Modality-Dropout

[3]
Underfull \hbox (badness 1521) in paragraph at lines 115--115
[]\OT1/cmr/bx/n/12 (+20) B0 Es-tab-lishes a Compound-Shift

Underfull \vbox (badness 2142) has occurred while \output is active

[4]
Overfull \hbox (80.50267pt too wide) in paragraph at lines 155--165
 [][]

LaTeX Warning: Reference `fig:decouple' on page 5 undefined on input line 168.


LaTeX Warning: Reference `fig:conformal' on page 5 undefined on input line 176.



LaTeX Warning: Reference `fig:stage' on page 5 undefined on input line 179.


Overfull \hbox (71.7341pt too wide) in paragraph at lines 185--195
 [][]

Underfull \vbox (badness 3407) has occurred while \output is active
[5]

Underfull \hbox (badness 10000) in paragraph at lines 227--228
\OT1/cmr/m/n/10 (+20) The fi-nal method gate is

Underfull \hbox (badness 10000) in paragraph at lines 227--228
\OT1/cmtt/m/n/10 RELIABILITY[]METHOD[]NOT[]AUTHORIZED\OT1/cmr/m/n/10 (+20) . This was a

Underfull \hbox (badness 2326) in paragraph at lines 227--228
\OT1/cmr/m/n/10 (+20) these con-di-tions would risk turn-ing an un-re-solved

[6] (build/main.bbl

Underfull \hbox (badness 1226) in paragraph at lines 51--55
[]\OT1/cmr/m/n/10 (+20) Huy Phan, Fer-nando An-dreotti, Navin Cooray,

[7]
Underfull \hbox (badness 1496) in paragraph at lines 117--121
\OT1/cmr/m/it/10 (+20) (BIBM)\OT1/cmr/m/n/10 (+20) , 2023.  doi: $10 . 1109 / BIBM58861 . 2023 .
)

Package natbib Warning: There were undefined citations.


[8] [9 <./figures/fig1_shift_design_v2.pdf> <./figures/fig2_b0_shift_landscape_v2.pdf> <./figures/fig3_b1_compound_macro_f1.pdf> <./figures/fig4_compound_reliability_axes.pdf>] [10 <./figures/fig6_selective_risk_coverage.pdf>] (build/main.aux

Package natbib Warning: Citation(s) may have changed.
(natbib)                Rerun to get citations correct.

)

LaTeX Warning: There were undefined references.


LaTeX Warning: Label(s) may have changed. Rerun to get cross-references right.

 )
(see the transcript file for additional information)<c:/Users/rohan/AppData/Roaming/TinyTeX/texmf-dist/fonts/type1/public/amsfonts/cm/cmbx10.pfb><c:/Users/rohan/AppData/Roaming/TinyTeX/texmf-dist/fonts/type1/public/amsfonts/cm/cmbx12.pfb><c:/Users/rohan/AppData/Roaming/TinyTeX/texmf-dist/fonts/type1/public/amsfonts/cm/cmmi10.pfb><c:/Users/rohan/AppData/Roaming/TinyTeX/texmf-dist/fonts/type1/public/amsfonts/cm/cmr10.pfb><c:/Users/rohan/AppData/Roaming/TinyTeX/texmf-dist/fonts/type1/public/amsfonts/cm/cmr12.pfb><c:/Users/rohan/AppData/Roaming/TinyTeX/texmf-dist/fonts/type1/public/amsfonts/cm/cmr17.pfb><c:/Users/rohan/AppData/Roaming/TinyTeX/texmf-dist/fonts/type1/public/amsfonts/cm/cmr5.pfb><c:/Users/rohan/AppData/Roaming/TinyTeX/texmf-dist/fonts/type1/public/amsfonts/cm/cmr7.pfb><c:/Users/rohan/AppData/Roaming/TinyTeX/texmf-dist/fonts/type1/public/amsfonts/cm/cmr9.pfb><c:/Users/rohan/AppData/Roaming/TinyTeX/texmf-dist/fonts/type1/public/amsfonts/cm/cmsy10.pfb><c:/Users/rohan/AppData/Roaming/TinyTeX/texmf-dist/fonts/type1/public/amsfonts/cm/cmsy7.pfb><c:/Users/rohan/AppData/Roaming/TinyTeX/texmf-dist/fonts/type1/public/amsfonts/cm/cmti10.pfb><c:/Users/rohan/AppData/Roaming/TinyTeX/texmf-dist/fonts/type1/public/amsfonts/cm/cmtt10.pfb>
Output written on build/main.pdf (10 pages, 318888 bytes).
Transcript written on build/main.log.
Latexmk: Getting log file 'build/main.log'
Latexmk: Examining 'build/main.fls'
Latexmk: Examining 'build/main.log'
Latexmk: Found input bbl file 'build/main.bbl'
Latexmk: References changed.
Latexmk: References changed.
Latexmk: Log file says output to 'build/main.pdf'
Latexmk: Using bibtex to make bibliography file(s).
  ===Source file 'build/main.bbl' for 'pdflatex'
Latexmk: Found bibliography file(s):
  ./references.bib
Latexmk: applying rule 'bibtex build/main'...
Rule 'bibtex build/main':  Reasons for rerun
Changed files or newly in use/created:
  build/main.aux

------------
Run number 2 of rule 'bibtex build/main'
------------
====== ENV{BIBINPUTS} changed to 'C:/Users/rohan/ShiftSleep-UQ/paper/submissions/ieee_jbhi;build;C:\Users\rohan\ShiftSleep-UQ\paper\submissions\ieee_jbhi\build;'
Latexmk: Change directory to 'build/'.
To assist finding of files in document directory, I set
  BIBINPUTS='C:/Users/rohan/ShiftSleep-UQ/paper/submissions/ieee_jbhi;build;C:\Users\rohan\ShiftSleep-UQ\paper\submissions\ieee_jbhi\build;'
  BSTINPUTS='C:/Users/rohan/ShiftSleep-UQ/paper/submissions/ieee_jbhi;'.
------------
Running 'bibtex  "main.aux"'
------------
This is BibTeX, Version 0.99d (TeX Live 2025)
The top-level auxiliary file: main.aux
The style file: plainnat.bst
Database file #1: references.bib
Latexmk: Change directory back to 'C:/Users/rohan/ShiftSleep-UQ/paper/submissions/ieee_jbhi'
Latexmk: applying rule 'pdflatex'...
Rule 'pdflatex':  Reasons for rerun
Changed files or newly in use/created:
  build/main.aux

------------
Run number 3 of rule 'pdflatex'
------------
------------
Running 'pdflatex  -interaction=nonstopmode -halt-on-error -recorder -output-directory="build"  "main.tex"'
------------
This is pdfTeX, Version 3.141592653-2.6-1.40.28 (TeX Live 2025) (preloaded format=pdflatex)
 restricted \write18 enabled.
entering extended mode
(./main.tex
LaTeX2e <2025-06-01> patch level 1
L3 programming layer <2025-08-13>
(c:/Users/rohan/AppData/Roaming/TinyTeX/texmf-dist/tex/latex/base/article.cls
Document Class: article 2025/01/22 v1.4n Standard LaTeX document class
(c:/Users/rohan/AppData/Roaming/TinyTeX/texmf-dist/tex/latex/base/size10.clo)) (c:/Users/rohan/AppData/Roaming/TinyTeX/texmf-dist/tex/latex/geometry/geometry.sty (c:/Users/rohan/AppData/Roaming/TinyTeX/texmf-dist/tex/latex/graphics/keyval.sty) (c:/Users/rohan/AppData/Roaming/TinyTeX/texmf-dist/tex/generic/iftex/ifvtex.sty (c:/Users/rohan/AppData/Roaming/TinyTeX/texmf-dist/tex/generic/iftex/iftex.sty))) (c:/Users/rohan/AppData/Roaming/TinyTeX/texmf-dist/tex/latex/base/inputenc.sty) (c:/Users/rohan/AppData/Roaming/TinyTeX/texmf-dist/tex/latex/microtype/microtype.sty (c:/Users/rohan/AppData/Roaming/TinyTeX/texmf-dist/tex/latex/etoolbox/etoolbox.sty) (c:/Users/rohan/AppData/Roaming/TinyTeX/texmf-dist/tex/latex/microtype/microtype-pdftex.def) (c:/Users/rohan/AppData/Roaming/TinyTeX/texmf-dist/tex/latex/microtype/microtype.cfg)) (c:/Users/rohan/AppData/Roaming/TinyTeX/texmf-dist/tex/latex/booktabs/booktabs.sty) (c:/Users/rohan/AppData/Roaming/TinyTeX/texmf-dist/tex/latex/graphics/graphicx.sty (c:/Users/rohan/AppData/Roaming/TinyTeX/texmf-dist/tex/latex/graphics/graphics.sty (c:/Users/rohan/AppData/Roaming/TinyTeX/texmf-dist/tex/latex/graphics/trig.sty) (c:/Users/rohan/AppData/Roaming/TinyTeX/texmf-dist/tex/latex/graphics-cfg/graphics.cfg) (c:/Users/rohan/AppData/Roaming/TinyTeX/texmf-dist/tex/latex/graphics-def/pdftex.def))) (c:/Users/rohan/AppData/Roaming/TinyTeX/texmf-dist/tex/latex/amsmath/amsmath.sty
For additional information on amsmath, use the `?' option.
(c:/Users/rohan/AppData/Roaming/TinyTeX/texmf-dist/tex/latex/amsmath/amstext.sty (c:/Users/rohan/AppData/Roaming/TinyTeX/texmf-dist/tex/latex/amsmath/amsgen.sty)) (c:/Users/rohan/AppData/Roaming/TinyTeX/texmf-dist/tex/latex/amsmath/amsbsy.sty) (c:/Users/rohan/AppData/Roaming/TinyTeX/texmf-dist/tex/latex/amsmath/amsopn.sty)) (c:/Users/rohan/AppData/Roaming/TinyTeX/texmf-dist/tex/latex/url/url.sty) (c:/Users/rohan/AppData/Roaming/TinyTeX/texmf-dist/tex/latex/hyperref/hyperref.sty (c:/Users/rohan/AppData/Roaming/TinyTeX/texmf-dist/tex/latex/kvsetkeys/kvsetkeys.sty) (c:/Users/rohan/AppData/Roaming/TinyTeX/texmf-dist/tex/generic/kvdefinekeys/kvdefinekeys.sty) (c:/Users/rohan/AppData/Roaming/TinyTeX/texmf-dist/tex/generic/pdfescape/pdfescape.sty (c:/Users/rohan/AppData/Roaming/TinyTeX/texmf-dist/tex/generic/ltxcmds/ltxcmds.sty) (c:/Users/rohan/AppData/Roaming/TinyTeX/texmf-dist/tex/generic/pdftexcmds/pdftexcmds.sty (c:/Users/rohan/AppData/Roaming/TinyTeX/texmf-dist/tex/generic/infwarerr/infwarerr.sty))) (c:/Users/rohan/AppData/Roaming/TinyTeX/texmf-dist/tex/latex/hycolor/hycolor.sty) (c:/Users/rohan/AppData/Roaming/TinyTeX/texmf-dist/tex/latex/hyperref/nameref.sty (c:/Users/rohan/AppData/Roaming/TinyTeX/texmf-dist/tex/latex/refcount/refcount.sty) (c:/Users/rohan/AppData/Roaming/TinyTeX/texmf-dist/tex/generic/gettitlestring/gettitlestring.sty (c:/Users/rohan/AppData/Roaming/TinyTeX/texmf-dist/tex/latex/kvoptions/kvoptions.sty))) (c:/Users/rohan/AppData/Roaming/TinyTeX/texmf-dist/tex/generic/stringenc/stringenc.sty) (c:/Users/rohan/AppData/Roaming/TinyTeX/texmf-dist/tex/latex/hyperref/pd1enc.def) (c:/Users/rohan/AppData/Roaming/TinyTeX/texmf-dist/tex/generic/intcalc/intcalc.sty) (c:/Users/rohan/AppData/Roaming/TinyTeX/texmf-dist/tex/latex/hyperref/puenc.def) (c:/Users/rohan/AppData/Roaming/TinyTeX/texmf-dist/tex/generic/bitset/bitset.sty (c:/Users/rohan/AppData/Roaming/TinyTeX/texmf-dist/tex/generic/bigintcalc/bigintcalc.sty))) (c:/Users/rohan/AppData/Roaming/TinyTeX/texmf-dist/tex/latex/hyperref/hpdftex.def (c:/Users/rohan/AppData/Roaming/TinyTeX/texmf-dist/tex/latex/rerunfilecheck/rerunfilecheck.sty (c:/Users/rohan/AppData/Roaming/TinyTeX/texmf-dist/tex/generic/uniquecounter/uniquecounter.sty))) (c:/Users/rohan/AppData/Roaming/TinyTeX/texmf-dist/tex/latex/natbib/natbib.sty) (c:/Users/rohan/AppData/Roaming/TinyTeX/texmf-dist/tex/latex/enumitem/enumitem.sty) (c:/Users/rohan/AppData/Roaming/TinyTeX/texmf-dist/tex/latex/l3backend/l3backend-pdftex.def) (build/main.aux)
*geometry* driver: auto-detecting
*geometry* detected driver: pdftex
(c:/Users/rohan/AppData/Roaming/TinyTeX/texmf-dist/tex/latex/microtype/mt-cmr.cfg) (c:/Users/rohan/AppData/Roaming/TinyTeX/texmf-dist/tex/latex/epstopdf-pkg/epstopdf-base.sty (c:/Users/rohan/AppData/Roaming/TinyTeX/texmf-dist/tex/latex/latexconfig/epstopdf-sys.cfg)) (build/main.out) (build/main.out)

[1{c:/Users/rohan/AppData/Roaming/TinyTeX/texmf-var/fonts/map/pdftex/updmap/pdftex.map}]

Underfull \vbox (badness 6236) has occurred while \output is active
[2]

Overfull \hbox (99.35526pt too wide) in paragraph at lines 82--90
 [][]

Underfull \hbox (badness 1087) in paragraph at lines 98--98
[]\OT1/cmr/bx/n/12 (+20) B1 Source-Only Modality-Dropout

[3]
Underfull \hbox (badness 1521) in paragraph at lines 115--115
[]\OT1/cmr/bx/n/12 (+20) B0 Es-tab-lishes a Compound-Shift

Underfull \vbox (badness 2142) has occurred while \output is active

[4]
Overfull \hbox (80.50267pt too wide) in paragraph at lines 155--165
 [][]

LaTeX Warning: Reference `fig:decouple' on page 5 undefined on input line 168.


LaTeX Warning: Reference `fig:conformal' on page 5 undefined on input line 176.



LaTeX Warning: Reference `fig:stage' on page 5 undefined on input line 179.


Overfull \hbox (71.7341pt too wide) in paragraph at lines 185--195
 [][]

Underfull \vbox (badness 3407) has occurred while \output is active
[5]

Underfull \hbox (badness 10000) in paragraph at lines 227--228
\OT1/cmr/m/n/10 (+20) The fi-nal method gate is

Underfull \hbox (badness 10000) in paragraph at lines 227--228
\OT1/cmtt/m/n/10 RELIABILITY[]METHOD[]NOT[]AUTHORIZED\OT1/cmr/m/n/10 (+20) . This was a

Underfull \hbox (badness 2326) in paragraph at lines 227--228
\OT1/cmr/m/n/10 (+20) these con-di-tions would risk turn-ing an un-re-solved

[6] (build/main.bbl

Underfull \hbox (badness 1226) in paragraph at lines 51--55
[]\OT1/cmr/m/n/10 (+20) Huy Phan, Fer-nando An-dreotti, Navin Cooray,

[7]
Underfull \hbox (badness 1496) in paragraph at lines 117--121
\OT1/cmr/m/it/10 (+20) (BIBM)\OT1/cmr/m/n/10 (+20) , 2023.  doi: $10 . 1109 / BIBM58861 . 2023 .
)

[8] [9 <./figures/fig1_shift_design_v2.pdf> <./figures/fig2_b0_shift_landscape_v2.pdf> <./figures/fig3_b1_compound_macro_f1.pdf> <./figures/fig4_compound_reliability_axes.pdf>] [10 <./figures/fig6_selective_risk_coverage.pdf>] (build/main.aux)

LaTeX Warning: There were undefined references.

 )
(see the transcript file for additional information)<c:/Users/rohan/AppData/Roaming/TinyTeX/texmf-dist/fonts/type1/public/amsfonts/cm/cmbx10.pfb><c:/Users/rohan/AppData/Roaming/TinyTeX/texmf-dist/fonts/type1/public/amsfonts/cm/cmbx12.pfb><c:/Users/rohan/AppData/Roaming/TinyTeX/texmf-dist/fonts/type1/public/amsfonts/cm/cmmi10.pfb><c:/Users/rohan/AppData/Roaming/TinyTeX/texmf-dist/fonts/type1/public/amsfonts/cm/cmr10.pfb><c:/Users/rohan/AppData/Roaming/TinyTeX/texmf-dist/fonts/type1/public/amsfonts/cm/cmr12.pfb><c:/Users/rohan/AppData/Roaming/TinyTeX/texmf-dist/fonts/type1/public/amsfonts/cm/cmr17.pfb><c:/Users/rohan/AppData/Roaming/TinyTeX/texmf-dist/fonts/type1/public/amsfonts/cm/cmr5.pfb><c:/Users/rohan/AppData/Roaming/TinyTeX/texmf-dist/fonts/type1/public/amsfonts/cm/cmr7.pfb><c:/Users/rohan/AppData/Roaming/TinyTeX/texmf-dist/fonts/type1/public/amsfonts/cm/cmr9.pfb><c:/Users/rohan/AppData/Roaming/TinyTeX/texmf-dist/fonts/type1/public/amsfonts/cm/cmsy10.pfb><c:/Users/rohan/AppData/Roaming/TinyTeX/texmf-dist/fonts/type1/public/amsfonts/cm/cmsy7.pfb><c:/Users/rohan/AppData/Roaming/TinyTeX/texmf-dist/fonts/type1/public/amsfonts/cm/cmti10.pfb><c:/Users/rohan/AppData/Roaming/TinyTeX/texmf-dist/fonts/type1/public/amsfonts/cm/cmtt10.pfb>
Output written on build/main.pdf (10 pages, 319742 bytes).
Transcript written on build/main.log.
Latexmk: Getting log file 'build/main.log'
Latexmk: Examining 'build/main.fls'
Latexmk: Examining 'build/main.log'
Latexmk: Found input bbl file 'build/main.bbl'
Latexmk: Log file says output to 'build/main.pdf'
Latexmk: Using bibtex to make bibliography file(s).
  ===Source file 'build/main.bbl' for 'pdflatex'
Latexmk: Found bibliography file(s):
  ./references.bib
Latexmk: Summary of warnings from last run of *latex:
  Latex failed to resolve 4 reference(s)
Latexmk: ====Undefined refs and citations with line #s in .tex file:
  Reference `fig:decouple' on page 5 undefined on input line 168
  Reference `fig:conformal' on page 5 undefined on input line 176
  Reference `fig:conformal' on page 5 undefined on input line 176
  Reference `fig:stage' on page 5 undefined on input line 179
Latexmk: All targets (build/main.pdf) are up-to-date

Reverting Windows console CPs to (in,out) = (437,437)
